../Core/Src/main.c:109:6:ReadADCCChannel	144	static
../Core/Src/main.c:171:6:SendMessageOnCAN	64	static
../Core/Src/main.c:195:5:_write	24	static
../Core/Src/main.c:206:5:main	112	static
../Core/Src/main.c:288:6:SystemClock_Config	88	static
../Core/Src/main.c:335:13:MX_FDCAN1_Init	8	static
../Core/Src/main.c:378:13:MX_SPI1_Init	8	static
../Core/Src/main.c:418:13:MX_USART2_UART_Init	8	static
../Core/Src/main.c:466:13:MX_GPIO_Init	40	static
../Core/Src/main.c:511:6:Error_Handler	4	static,ignoring_inline_asm
